
Discarded input sections

 .text          0x00000000        0x0 obj/font_ascii.o
 .data          0x00000000        0x0 obj/font_ascii.o
 .bss           0x00000000        0x0 obj/font_ascii.o
 .text          0x00000000        0x0 obj/crt0.o
 .data          0x00000000        0x0 obj/crt0.o
 .bss           0x00000000        0x0 obj/crt0.o
 .text          0x00000000        0x0 obj/div.o
 .data          0x00000000        0x0 obj/div.o
 .bss           0x00000000        0x0 obj/div.o
 .text          0x00000000        0x0 obj/common.o
 .data          0x00000000        0x0 obj/common.o
 .bss           0x00000000        0x0 obj/common.o
 .text          0x00000000        0x0 obj/gbfs.o
 .data          0x00000000        0x0 obj/gbfs.o
 .text          0x00000000        0x0 obj/sys.arm.o
 .data          0x00000000        0x0 obj/sys.arm.o
 .bss           0x00000000        0x0 obj/sys.arm.o
 .iwram         0x00000000       0x20 obj/sys.arm.o
 .debug_info    0x00000000      0x17d obj/sys.arm.o
 .debug_abbrev  0x00000000       0x99 obj/sys.arm.o
 .debug_loclists
                0x00000000       0xf2 obj/sys.arm.o
 .debug_aranges
                0x00000000       0x38 obj/sys.arm.o
 .debug_rnglists
                0x00000000       0x25 obj/sys.arm.o
 .debug_line    0x00000000       0x6a obj/sys.arm.o
 .debug_str     0x00000000      0x128 obj/sys.arm.o
 .comment       0x00000000       0x24 obj/sys.arm.o
 .debug_frame   0x00000000       0x50 obj/sys.arm.o
 .text          0x00000000        0x0 obj/bg.o
 .data          0x00000000        0x0 obj/bg.o
 .text          0x00000000        0x0 obj/irq.arm.o
 .data          0x00000000        0x0 obj/irq.arm.o
 .bss           0x00000000        0x0 obj/irq.arm.o
 .text          0x00000000        0x0 obj/key.o
 .data          0x00000000        0x0 obj/key.o
 .text          0x00000000        0x0 obj/main.o
 .data          0x00000000        0x0 obj/main.o
 .bss           0x00000000        0x0 obj/main.o
 .text          0x00000000        0x0 obj/vgm.arm.o
 .data          0x00000000        0x0 obj/vgm.arm.o

Memory Configuration

Name             Origin             Length             Attributes
rom              0x08000000         0x02000000
iwram            0x03000000         0x00008000
ewram            0x02000000         0x00040000
*default*        0x00000000         0xffffffff

Linker script and memory map

                0x08000000                        __text_start = ORIGIN (rom)
                0x02040000                        __eheap_end = (ORIGIN (ewram) + LENGTH (ewram))
                0x03000000                        __iwram_start = ORIGIN (iwram)
                0x03008000                        __iwram_top = (ORIGIN (iwram) + LENGTH (iwram))
                0x03007fa0                        __sp_irq = (__iwram_top - 0x60)
                0x03007f00                        __sp_usr = (__sp_irq - 0xa0)
                0x03007ff8                        __irq_flags = 0x3007ff8
                0x08000000                        . = __text_start

.crt0           0x08000000      0x1f8
 *(.crt0)
 .crt0          0x08000000      0x1f8 obj/crt0.o
                0x08000000                _start
                0x080000c4                __boot_method
                0x080000c5                __slave_number
                0x080000e0                start_vector
                0x080001f8                        . = ALIGN (0x4)

.init
 *(SORT_NONE(.init))

.plt            0x080001f8        0x0
 *(.plt)
                0x080001f8                        . = ALIGN (0x4)

.text           0x080001f8      0x1a8
 *(EXCLUDE_FILE(*.iwram*) .text*)
 .text.startup  0x080001f8      0x1a8 obj/main.o
                0x080001f8                main
 *(.gnu.linkonce.t.*)
 *(.text.*personality*)
 *(.gnu.warning)
 *(.glue_7t)
 .glue_7t       0x080003a0        0x0 linker stubs
 *(.glue_7)
 .glue_7        0x080003a0        0x0 linker stubs
 *(.vfp11_veneer)
 .vfp11_veneer  0x080003a0        0x0 linker stubs
                0x080003a0                        . = ALIGN (0x4)
                0x080003a0                        __text_end = .

.v4_bx          0x080003a0        0x0
 .v4_bx         0x080003a0        0x0 linker stubs

.iplt           0x080003a0        0x0
 .iplt          0x080003a0        0x0 obj/crt0.o

.fini           0x080003a0        0x0
 *(.fini)
                0x080003a0                        . = ALIGN (0x4)

.rodata         0x080003a0     0x42e4
 *(.rodata)
 .rodata        0x080003a0     0x4020 obj/font_ascii.o
                0x080003a0                font_asciiTiles
                0x080043a0                font_asciiPal
 .rodata        0x080043c0      0x108 obj/common.o
 .rodata        0x080044c8       0x20 obj/bg.o
 *all.rodata*(*)
 *(.roda)
 *(.rodata.*)
 .rodata.str1.4
                0x080044e8       0xb0 obj/gbfs.o
 .rodata.str1.4
                0x08004598       0xd2 obj/main.o
 *fill*         0x0800466a        0x2 ff
 .rodata.str1.4
                0x0800466c       0x15 obj/vgm.arm.o
 *(.gnu.linkonce.r*)
                0x08004684                        . = ALIGN (0x4)
 *fill*         0x08004681        0x3 ff

.ARM.extab
 *(.ARM.extab* .gnu.linkonce.armextab.*)
                0x08004684                        __exidx_start = .

.ARM.exidx
 *(.ARM.exidx* .gnu.linkonce.armexidx.*)
                0x08004684                        __exidx_end = .

.ctors          0x08004684        0x0
 *crtbegin.o(.ctors)
 *(EXCLUDE_FILE(*crtend.o) .ctors)
 *(SORT_BY_NAME(.ctors.*))
 *(.ctors)
                0x08004684                        . = ALIGN (0x4)

.dtors          0x08004684        0x0
 *crtbegin.o(.dtors)
 *(EXCLUDE_FILE(*crtend.o) .dtors)
 *(SORT_BY_NAME(.dtors.*))
 *(.dtors)
                0x08004684                        . = ALIGN (0x4)

.eh_frame       0x08004684        0x0
 *(.eh_frame)
                0x08004684                        . = ALIGN (0x4)

.gcc_except_table
                0x08004684        0x0
 *(.gcc_except_table)
                0x08004684                        . = ALIGN (0x4)
                0x08004684                        __iwram_lma = .

.iwram          0x03000000      0xb08 load address 0x08004684
                0x03000000                        __iwram_start__ = ABSOLUTE (.)
 *(.iwram .iwram*)
 .iwram         0x03000000       0x10 obj/div.o
                0x03000000                Div
                0x03000004                Mod
                0x0300000a                Abs
 .iwram         0x03000010      0x5c4 obj/common.o
                0x03000010                _SprintfNum
                0x030000a4                _SprintfNumCol
                0x03000194                _SprintfHex
                0x0300020c                _SprintfHexCol
                0x030002e0                _DoSprintf
                0x03000558                _Sprintf
                0x03000570                _Printf
                0x03000594                _SprintfString
                0x030005a8                SystemError
                0x030005c4                mappylog
 .iwram         0x030005d4      0x1c0 obj/gbfs.o
                0x030005d4                GbfsGetPointer
                0x0300065c                GbfsGetPointer2
                0x0300069c                GbfsGetSafePointer
                0x0300073c                GbfsGetSafePointer2
 .iwram         0x03000794       0x78 obj/bg.o
                0x03000794                BgDrawStr
                0x030007bc                BgDrawPrintf
 .iwram         0x0300080c       0x60 obj/irq.arm.o
                0x0300080c                IrqHandler
 .iwram         0x0300086c       0x94 obj/key.o
                0x0300086c                KeyExec
                0x030008d0                KeyGetCnt
                0x030008dc                KeyGetTrg
                0x030008e8                KeyGetOff
                0x030008f4                KeyGetRep
 .iwram         0x03000900      0x208 obj/vgm.arm.o
                0x03000900                VgmStop
                0x03000988                VgmIntrVblank
 *iwram.*(.text* .data*)
                0x03000b08                        . = ALIGN (0x4)
                0x03000b08                        __iwram_end__ = ABSOLUTE (.)
                0x0800518c                        __data_lma = (__iwram_lma + SIZEOF (.iwram))

.bss            0x03000b08       0x68
                0x03000b08                        __bss_start = ABSOLUTE (.)
                0x03000b08                        __bss_start__ = ABSOLUTE (.)
 *(.dynbss)
 *(.gnu.linkonce.b*)
 *(.bss*)
 .bss           0x03000b08        0xc obj/gbfs.o
                0x03000b08                Gbfs
 .bss           0x03000b14       0x40 obj/bg.o
                0x03000b14                Bg
 .bss           0x03000b54        0xa obj/key.o
                0x03000b54                Key
 *fill*         0x03000b5e        0x2 
 .bss           0x03000b60       0x10 obj/vgm.arm.o
                0x03000b60                Vgm
 *(COMMON)
                0x03000b70                        . = ALIGN (0x4)
                0x03000b70                        __bss_end__ = ABSOLUTE (.)

.data           0x03000b70        0x0 load address 0x0800518c
                0x03000b70                        __data_start__ = ABSOLUTE (.)
 *(.data*)
 *(.gnu.linkonce.d*)
                0x03000b70                        . = ALIGN (0x4)
                0x0800518c                        __preinit_lma = (__data_lma + SIZEOF (.data))

.igot.plt       0x03000b08        0x0 load address 0x0800518c
 .igot.plt      0x03000b08        0x0 obj/crt0.o

.preinit_array  0x03000b70        0x0 load address 0x0800518c
                0x03000b70                        __preinit_array_start = ABSOLUTE (.)
 *(.preinit_array)
                0x03000b70                        __preinit_array_end = ABSOLUTE (.)
                0x0800518c                        __init_lma = (__preinit_lma + SIZEOF (.preinit_array))

.init_array     0x03000b70        0x0 load address 0x0800518c
                0x03000b70                        __init_array_start = ABSOLUTE (.)
 *(SORT_BY_NAME(.init_array.*))
 *(.init_array)
                0x03000b70                        __init_array_end = ABSOLUTE (.)
                0x0800518c                        __fini_lma = (__init_lma + SIZEOF (.init_array))

.fini_array     0x03000b70        0x0 load address 0x0800518c
                0x03000b70                        __fini_array_start = ABSOLUTE (.)
 *(SORT_BY_NAME(.fini_array.*))
 *(.fini_array)
                0x03000b70                        __fini_array_end = ABSOLUTE (.)
                0x0800518c                        __jcr_lma = (__fini_lma + SIZEOF (.fini_array))

.jcr
 *(.jcr)
                0x03000b70                        __data_end__ = ABSOLUTE (.)
                0x0800518c                        __iwram_overlay_lma = (__jcr_lma + SIZEOF (.jcr))
                0x03000b70                        __iwram_overlay_start = .

.iwram0         0x03000b70        0x0 load address 0x0800518c
 *(.iwram0)
                0x03000b70                        . = ALIGN (0x4)
                0x0800518c                        PROVIDE (__load_start_iwram0 = LOADADDR (.iwram0))
                0x0800518c                        PROVIDE (__load_stop_iwram0 = (LOADADDR (.iwram0) + SIZEOF (.iwram0)))

.iwram1         0x03000b70        0x0
 *(.iwram1)
                0x03000b70                        . = ALIGN (0x4)
                [!provide]                        PROVIDE (__load_start_iwram1 = LOADADDR (.iwram1))
                [!provide]                        PROVIDE (__load_stop_iwram1 = (LOADADDR (.iwram1) + SIZEOF (.iwram1)))

.iwram2         0x03000b70        0x0
 *(.iwram2)
                0x03000b70                        . = ALIGN (0x4)
                [!provide]                        PROVIDE (__load_start_iwram2 = LOADADDR (.iwram2))
                [!provide]                        PROVIDE (__load_stop_iwram2 = (LOADADDR (.iwram2) + SIZEOF (.iwram2)))

.iwram3         0x03000b70        0x0
 *(.iwram3)
                0x03000b70                        . = ALIGN (0x4)
                [!provide]                        PROVIDE (__load_start_iwram3 = LOADADDR (.iwram3))
                [!provide]                        PROVIDE (__load_stop_iwram3 = (LOADADDR (.iwram3) + SIZEOF (.iwram3)))

.iwram4         0x03000b70        0x0
 *(.iwram4)
                0x03000b70                        . = ALIGN (0x4)
                [!provide]                        PROVIDE (__load_start_iwram4 = LOADADDR (.iwram4))
                [!provide]                        PROVIDE (__load_stop_iwram4 = (LOADADDR (.iwram4) + SIZEOF (.iwram4)))

.iwram5         0x03000b70        0x0
 *(.iwram5)
                0x03000b70                        . = ALIGN (0x4)
                [!provide]                        PROVIDE (__load_start_iwram5 = LOADADDR (.iwram5))
                [!provide]                        PROVIDE (__load_stop_iwram5 = (LOADADDR (.iwram5) + SIZEOF (.iwram5)))

.iwram6         0x03000b70        0x0
 *(.iwram6)
                0x03000b70                        . = ALIGN (0x4)
                [!provide]                        PROVIDE (__load_start_iwram6 = LOADADDR (.iwram6))
                [!provide]                        PROVIDE (__load_stop_iwram6 = (LOADADDR (.iwram6) + SIZEOF (.iwram6)))

.iwram7         0x03000b70        0x0
 *(.iwram7)
                0x03000b70                        . = ALIGN (0x4)
                [!provide]                        PROVIDE (__load_start_iwram7 = LOADADDR (.iwram7))
                [!provide]                        PROVIDE (__load_stop_iwram7 = (LOADADDR (.iwram7) + SIZEOF (.iwram7)))

.iwram8         0x03000b70        0x0
 *(.iwram8)
                0x03000b70                        . = ALIGN (0x4)
                [!provide]                        PROVIDE (__load_start_iwram8 = LOADADDR (.iwram8))
                [!provide]                        PROVIDE (__load_stop_iwram8 = (LOADADDR (.iwram8) + SIZEOF (.iwram8)))

.iwram9         0x03000b70        0x0
 *(.iwram9)
                0x03000b70                        . = ALIGN (0x4)
                [!provide]                        PROVIDE (__load_start_iwram9 = LOADADDR (.iwram9))
                [!provide]                        PROVIDE (__load_stop_iwram9 = (LOADADDR (.iwram9) + SIZEOF (.iwram9)))
                0x03000b70                        __iwram_overlay_end = .
                0x0800518c                        __ewram_lma = (__iwram_overlay_lma + (__iwram_overlay_end - __iwram_overlay_start))
                0x03000b70                        __iheap_start = .
                0x02000000                        __ewram_start = ORIGIN (ewram)

.ewram          0x02000000      0x5c0 load address 0x0800518c
 *(.ewram*)
 .ewram         0x02000000      0x178 obj/common.o
                0x02000000                _Strlen
                0x02000018                _Strncpy
                0x0200005c                _Strncmp
                0x0200009c                _Strcat
                0x020000bc                _Strchr
                0x020000d0                _Memcpy
                0x02000134                _Memcmp
                0x0200015c                _Memset
 .ewram         0x02000178       0xc8 obj/gbfs.o
                0x02000178                GbfsInit
                0x020001d8                GbfsGetFileName
                0x020001e8                GbfsGetFileSize
                0x0200020c                GbfsGetArcSize
                0x0200022c                GbfsGetArcCnt
 .ewram         0x02000240      0x21c obj/bg.o
                0x02000240                BgInitLcd
                0x02000350                BgInit
                0x020003e0                Bg0Init
                0x02000450                Bg1Init
                0x02000454                Bg2Init
                0x02000458                Bg3Init
 .ewram         0x0200045c       0x48 obj/irq.arm.o
                0x0200045c                IrqInit
 .ewram         0x020004a4       0x20 obj/key.o
                0x020004a4                KeyInit
 .ewram         0x020004c4       0xfc obj/vgm.arm.o
                0x020004c4                VgmInit
                0x020004f0                VgmPlay
                0x020005ac                VgmGetOffsetPlay
                0x020005c0                        . = ALIGN (0x4)
                0x020005c0                        __ewram_end = ABSOLUTE (.)
                0x0800574c                        __pad_lma = (__ewram_lma + SIZEOF (.ewram))

.sbss           0x020005c0        0x0
                0x020005c0                        __sbss_start__ = ABSOLUTE (.)
 *(.sbss*)
                0x020005c0                        . = ALIGN (0x4)
                0x020005c0                        __sbss_end__ = ABSOLUTE (.)
                0x020005c0                        __end__ = ABSOLUTE (.)
                0x020005c0                        __eheap_start = ABSOLUTE (.)

.pad            0x020005c0        0x8 load address 0x0800574c
                0x020005c0        0x4 LONG 0x52416b64
                0x020005c4        0x4 LONG 0x4d
                0x020005c8                        . = ALIGN (0x4)
                0x08005754                        __rom_end__ = (__pad_lma + SIZEOF (.pad))

.rel.dyn        0x020005c8        0x0 load address 0x08005754
 .rel.iplt      0x020005c8        0x0 obj/crt0.o

.stab
 *(.stab)

.stabstr
 *(.stabstr)

.stab.excl
 *(.stab.excl)

.stab.exclstr
 *(.stab.exclstr)

.stab.index
 *(.stab.index)

.stab.indexstr
 *(.stab.indexstr)

.comment        0x00000000       0x23
 *(.comment)
 .comment       0x00000000       0x23 obj/common.o
                                 0x24 (size before relaxing)
 .comment       0x00000023       0x24 obj/gbfs.o
 .comment       0x00000023       0x24 obj/bg.o
 .comment       0x00000023       0x24 obj/irq.arm.o
 .comment       0x00000023       0x24 obj/key.o
 .comment       0x00000023       0x24 obj/main.o
 .comment       0x00000023       0x24 obj/vgm.arm.o

.debug
 *(.debug)

.line
 *(.line)

.debug_srcinfo
 *(.debug_srcinfo)

.debug_sfnames
 *(.debug_sfnames)

.debug_aranges  0x00000000      0x230
 *(.debug_aranges)
 .debug_aranges
                0x00000000       0xa8 obj/common.o
 .debug_aranges
                0x000000a8       0x60 obj/gbfs.o
 .debug_aranges
                0x00000108       0x58 obj/bg.o
 .debug_aranges
                0x00000160       0x28 obj/irq.arm.o
 .debug_aranges
                0x00000188       0x48 obj/key.o
 .debug_aranges
                0x000001d0       0x20 obj/main.o
 .debug_aranges
                0x000001f0       0x40 obj/vgm.arm.o

.debug_pubnames
 *(.debug_pubnames)

.debug_info     0x00000000     0x2793
 *(.debug_info)
 .debug_info    0x00000000     0x12b5 obj/common.o
 .debug_info    0x000012b5      0x4f4 obj/gbfs.o
 .debug_info    0x000017a9      0x4a9 obj/bg.o
 .debug_info    0x00001c52      0x17f obj/irq.arm.o
 .debug_info    0x00001dd1      0x233 obj/key.o
 .debug_info    0x00002004      0x468 obj/main.o
 .debug_info    0x0000246c      0x327 obj/vgm.arm.o

.debug_abbrev   0x00000000      0xe65
 *(.debug_abbrev)
 .debug_abbrev  0x00000000      0x34b obj/common.o
 .debug_abbrev  0x0000034b      0x278 obj/gbfs.o
 .debug_abbrev  0x000005c3      0x288 obj/bg.o
 .debug_abbrev  0x0000084b       0xf2 obj/irq.arm.o
 .debug_abbrev  0x0000093d      0x14b obj/key.o
 .debug_abbrev  0x00000a88      0x17d obj/main.o
 .debug_abbrev  0x00000c05      0x260 obj/vgm.arm.o

.debug_line     0x00000000     0x1972
 *(.debug_line)
 .debug_line    0x00000000      0xb27 obj/common.o
 .debug_line    0x00000b27      0x2c3 obj/gbfs.o
 .debug_line    0x00000dea      0x46b obj/bg.o
 .debug_line    0x00001255       0xe3 obj/irq.arm.o
 .debug_line    0x00001338      0x162 obj/key.o
 .debug_line    0x0000149a      0x10d obj/main.o
 .debug_line    0x000015a7      0x3cb obj/vgm.arm.o

.debug_frame    0x00000000      0x580
 *(.debug_frame)
 .debug_frame   0x00000000      0x214 obj/common.o
 .debug_frame   0x00000214       0xec obj/gbfs.o
 .debug_frame   0x00000300       0xcc obj/bg.o
 .debug_frame   0x000003cc       0x4c obj/irq.arm.o
 .debug_frame   0x00000418       0x84 obj/key.o
 .debug_frame   0x0000049c       0x3c obj/main.o
 .debug_frame   0x000004d8       0xa8 obj/vgm.arm.o

.debug_str      0x00000000      0x7cc
 *(.debug_str)
 .debug_str     0x00000000      0x1d3 obj/common.o
                                0x1f1 (size before relaxing)
 .debug_str     0x000001d3      0x108 obj/gbfs.o
                                0x205 (size before relaxing)
 .debug_str     0x000002db      0x205 obj/bg.o
                                0x2fa (size before relaxing)
 .debug_str     0x000004e0      0x18b obj/irq.arm.o
                                0x1ff (size before relaxing)
 .debug_str     0x0000066b       0xd0 obj/key.o
                                0x1b8 (size before relaxing)
 .debug_str     0x0000073b       0x44 obj/main.o
                                0x214 (size before relaxing)
 .debug_str     0x0000077f       0x4d obj/vgm.arm.o
                                0x181 (size before relaxing)

.debug_loc
 *(.debug_loc)

.debug_macinfo
 *(.debug_macinfo)

.debug_weaknames
 *(.debug_weaknames)

.debug_funcnames
 *(.debug_funcnames)

.debug_typenames
 *(.debug_typenames)

.debug_varnames
 *(.debug_varnames)

.stack          0x00080000        0x0
                0x00080000                        _stack = .
 *(.stack)

.note.gnu.arm.ident
 *(.note.gnu.arm.ident)

.ARM.attributes
                0x00000000       0x22
 *(.ARM.attributes)
 .ARM.attributes
                0x00000000       0x1a obj/font_ascii.o
 .ARM.attributes
                0x0000001a       0x20 obj/crt0.o
 .ARM.attributes
                0x0000003a       0x1a obj/div.o
 .ARM.attributes
                0x00000054       0x26 obj/common.o
 .ARM.attributes
                0x0000007a       0x26 obj/gbfs.o
 .ARM.attributes
                0x000000a0       0x26 obj/sys.arm.o
 .ARM.attributes
                0x000000c6       0x26 obj/bg.o
 .ARM.attributes
                0x000000ec       0x26 obj/irq.arm.o
 .ARM.attributes
                0x00000112       0x26 obj/key.o
 .ARM.attributes
                0x00000138       0x26 obj/main.o
 .ARM.attributes
                0x0000015e       0x26 obj/vgm.arm.o

/DISCARD/
 *(.note.GNU-stack)
LOAD obj/font_ascii.o
LOAD obj/crt0.o
LOAD obj/div.o
LOAD obj/common.o
LOAD obj/gbfs.o
LOAD obj/sys.arm.o
LOAD obj/bg.o
LOAD obj/irq.arm.o
LOAD obj/key.o
LOAD obj/main.o
LOAD obj/vgm.arm.o
OUTPUT(test.elf elf32-littlearm)
LOAD linker stubs

.debug_loclists
                0x00000000     0x1e73
 .debug_loclists
                0x00000000     0x19cb obj/common.o
 .debug_loclists
                0x000019cb      0x1eb obj/gbfs.o
 .debug_loclists
                0x00001bb6      0x128 obj/bg.o
 .debug_loclists
                0x00001cde       0x20 obj/irq.arm.o
 .debug_loclists
                0x00001cfe       0x3d obj/key.o
 .debug_loclists
                0x00001d3b       0x58 obj/main.o
 .debug_loclists
                0x00001d93       0xe0 obj/vgm.arm.o

.debug_rnglists
                0x00000000      0x2d7
 .debug_rnglists
                0x00000000      0x134 obj/common.o
 .debug_rnglists
                0x00000134       0x60 obj/gbfs.o
 .debug_rnglists
                0x00000194       0x3f obj/bg.o
 .debug_rnglists
                0x000001d3       0x19 obj/irq.arm.o
 .debug_rnglists
                0x000001ec       0x31 obj/key.o
 .debug_rnglists
                0x0000021d       0x14 obj/main.o
 .debug_rnglists
                0x00000231       0xa6 obj/vgm.arm.o
